// Jest Snapshot v1, https://goo.gl/fbAQLP

exports[`Render Button component 1`] = `
.c0 {
  padding: 0.75rem 1.25rem;
  font-size: 1.25rem;
  line-height: 1.33333;
  min-width: 10rem;
  color: #fff;
  background-color: #6400e4;
  border-color: transparent;
  border: 2px solid transparent;
  -webkit-transition: all 0.4s;
  transition: all 0.4s;
  cursor: pointer;
}

.c0:hover {
  color: #6400e4;
  background-color: transparent;
  border: 2px solid #6400e4;
}

<div>
  <button
    class="c0"
  />
</div>
`;
